
Merging program properties

Removed property 0xc0000002 to merge build/main.o (0x3) and build/kernel.o (not found)
Removed property 0xc0000002 to merge build/main.o (not found) and build/debug.o (0x3)
Removed property 0xc0000002 to merge build/main.o (not found) and build/memory.o (0x3)
Removed property 0xc0000002 to merge build/main.o (not found) and build/bitmap.o (0x3)
Removed property 0xc0000002 to merge build/main.o (not found) and build/string.o (0x3)
Removed property 0xc0000002 to merge build/main.o (not found) and build/thread.o (0x3)
Removed property 0xc0000002 to merge build/main.o (not found) and build/list.o (0x3)

Discarded input sections

 .group         0x0000000000000000        0x8 build/main.o
 .note.GNU-stack
                0x0000000000000000        0x0 build/main.o
 .note.gnu.property
                0x0000000000000000       0x1c build/main.o
 .group         0x0000000000000000        0x8 build/init.o
 .text.__x86.get_pc_thunk.bx
                0x0000000000000000        0x4 build/init.o
 .note.GNU-stack
                0x0000000000000000        0x0 build/init.o
 .note.gnu.property
                0x0000000000000000       0x1c build/init.o
 .group         0x0000000000000000        0x8 build/interrupt.o
 .group         0x0000000000000000        0x8 build/interrupt.o
 .text.__x86.get_pc_thunk.bx
                0x0000000000000000        0x4 build/interrupt.o
 .note.GNU-stack
                0x0000000000000000        0x0 build/interrupt.o
 .note.gnu.property
                0x0000000000000000       0x1c build/interrupt.o
 .group         0x0000000000000000        0x8 build/timer.o
 .group         0x0000000000000000        0x8 build/timer.o
 .text.__x86.get_pc_thunk.ax
                0x0000000000000000        0x4 build/timer.o
 .text.__x86.get_pc_thunk.bx
                0x0000000000000000        0x4 build/timer.o
 .note.GNU-stack
                0x0000000000000000        0x0 build/timer.o
 .note.gnu.property
                0x0000000000000000       0x1c build/timer.o
 .group         0x0000000000000000        0x8 build/debug.o
 .text.__x86.get_pc_thunk.bx
                0x0000000000000000        0x4 build/debug.o
 .note.GNU-stack
                0x0000000000000000        0x0 build/debug.o
 .note.gnu.property
                0x0000000000000000       0x1c build/debug.o
 .group         0x0000000000000000        0x8 build/memory.o
 .group         0x0000000000000000        0x8 build/memory.o
 .text.__x86.get_pc_thunk.ax
                0x0000000000000000        0x4 build/memory.o
 .text.__x86.get_pc_thunk.bx
                0x0000000000000000        0x4 build/memory.o
 .note.GNU-stack
                0x0000000000000000        0x0 build/memory.o
 .note.gnu.property
                0x0000000000000000       0x1c build/memory.o
 .group         0x0000000000000000        0x8 build/bitmap.o
 .text.__x86.get_pc_thunk.ax
                0x0000000000000000        0x4 build/bitmap.o
 .note.GNU-stack
                0x0000000000000000        0x0 build/bitmap.o
 .note.gnu.property
                0x0000000000000000       0x1c build/bitmap.o
 .group         0x0000000000000000        0x8 build/string.o
 .text.__x86.get_pc_thunk.ax
                0x0000000000000000        0x4 build/string.o
 .note.GNU-stack
                0x0000000000000000        0x0 build/string.o
 .note.gnu.property
                0x0000000000000000       0x1c build/string.o
 .group         0x0000000000000000        0x8 build/thread.o
 .group         0x0000000000000000        0x8 build/thread.o
 .group         0x0000000000000000        0x8 build/thread.o
 .text.__x86.get_pc_thunk.ax
                0x0000000000000000        0x4 build/thread.o
 .text.__x86.get_pc_thunk.bx
                0x0000000000000000        0x4 build/thread.o
 .note.GNU-stack
                0x0000000000000000        0x0 build/thread.o
 .note.gnu.property
                0x0000000000000000       0x1c build/thread.o
 .group         0x0000000000000000        0x8 build/list.o
 .group         0x0000000000000000        0x8 build/list.o
 .text.__x86.get_pc_thunk.ax
                0x0000000000000000        0x4 build/list.o
 .text.__x86.get_pc_thunk.bx
                0x0000000000000000        0x4 build/list.o
 .note.GNU-stack
                0x0000000000000000        0x0 build/list.o
 .note.gnu.property
                0x0000000000000000       0x1c build/list.o

Memory Configuration

Name             Origin             Length             Attributes
*default*        0x0000000000000000 0xffffffffffffffff

Linker script and memory map

Address of section .text set to 0xc0001500
LOAD build/main.o
LOAD build/init.o
LOAD build/interrupt.o
LOAD build/timer.o
LOAD build/kernel.o
LOAD build/print.o
LOAD build/debug.o
LOAD build/memory.o
LOAD build/bitmap.o
LOAD build/string.o
LOAD build/thread.o
LOAD build/list.o
LOAD build/switch.o
                [!provide]                        PROVIDE (__executable_start = SEGMENT_START ("text-segment", 0x8048000))
                0x00000000080480d4                . = (SEGMENT_START ("text-segment", 0x8048000) + SIZEOF_HEADERS)

.interp
 *(.interp)

.note.gnu.build-id
 *(.note.gnu.build-id)

.hash
 *(.hash)

.gnu.hash
 *(.gnu.hash)

.dynsym
 *(.dynsym)

.dynstr
 *(.dynstr)

.gnu.version
 *(.gnu.version)

.gnu.version_d
 *(.gnu.version_d)

.gnu.version_r
 *(.gnu.version_r)

.rel.dyn        0x00000000080480d4        0x0
 *(.rel.init)
 *(.rel.text .rel.text.* .rel.gnu.linkonce.t.*)
 *(.rel.fini)
 *(.rel.rodata .rel.rodata.* .rel.gnu.linkonce.r.*)
 *(.rel.data.rel.ro .rel.data.rel.ro.* .rel.gnu.linkonce.d.rel.ro.*)
 *(.rel.data .rel.data.* .rel.gnu.linkonce.d.*)
 *(.rel.tdata .rel.tdata.* .rel.gnu.linkonce.td.*)
 *(.rel.tbss .rel.tbss.* .rel.gnu.linkonce.tb.*)
 *(.rel.ctors)
 *(.rel.dtors)
 *(.rel.got)
 .rel.got       0x00000000080480d4        0x0 build/main.o
 *(.rel.bss .rel.bss.* .rel.gnu.linkonce.b.*)
 *(.rel.ifunc)

.rel.plt        0x00000000080480d4        0x0
 *(.rel.plt)
                [!provide]                        PROVIDE (__rel_iplt_start = .)
 *(.rel.iplt)
 .rel.iplt      0x00000000080480d4        0x0 build/main.o
                [!provide]                        PROVIDE (__rel_iplt_end = .)
                0x0000000008049000                . = ALIGN (CONSTANT (MAXPAGESIZE))

.init
 *(SORT_NONE(.init))

.plt            0x0000000008049000        0x0
 *(.plt)
 *(.iplt)
 .iplt          0x0000000008049000        0x0 build/main.o

.plt.got
 *(.plt.got)

.plt.sec
 *(.plt.sec)

.text           0x00000000c0001500     0x2355
 *(.text.unlikely .text.*_unlikely .text.unlikely.*)
 *(.text.exit .text.exit.*)
 *(.text.startup .text.startup.*)
 *(.text.hot .text.hot.*)
 *(SORT_BY_NAME(.text.sorted.*))
 *(.text .stub .text.* .gnu.linkonce.t.*)
 .text          0x00000000c0001500       0xe6 build/main.o
                0x00000000c0001500                main
                0x00000000c000157a                k_thread_a
                0x00000000c00015b0                k_thread_b
 .text.__x86.get_pc_thunk.bx
                0x00000000c00015e6        0x4 build/main.o
                0x00000000c00015e6                __x86.get_pc_thunk.bx
 .text          0x00000000c00015ea       0x42 build/init.o
                0x00000000c00015ea                init_all
 .text          0x00000000c000162c      0x535 build/interrupt.o
                0x00000000c00019f0                intr_enable
                0x00000000c0001a27                intr_disable
                0x00000000c0001a5e                intr_set_status
                0x00000000c0001a8a                intr_get_status
                0x00000000c0001ab5                register_handler
                0x00000000c0001ae0                idt_init
 .text.__x86.get_pc_thunk.ax
                0x00000000c0001b61        0x4 build/interrupt.o
                0x00000000c0001b61                __x86.get_pc_thunk.ax
 .text          0x00000000c0001b65      0x1c2 build/timer.o
                0x00000000c0001cbb                timer_init
 *fill*         0x00000000c0001d27        0x9 
 .text          0x00000000c0001d30      0x393 build/kernel.o
                0x00000000c0001d30                intr_exit
 *fill*         0x00000000c00020c3        0xd 
 .text          0x00000000c00020d0      0x172 build/print.o
                0x00000000c00020d0                put_str
                0x00000000c00020ee                put_char
                0x00000000c00021bb                put_int
                0x00000000c000221e                set_cursor
 .text          0x00000000c0002242       0xf8 build/debug.o
                0x00000000c0002242                panic_spin
 .text          0x00000000c000233a      0x63d build/memory.o
                0x00000000c00023d4                pte_ptr
                0x00000000c0002412                pde_ptr
                0x00000000c00025df                malloc_page
                0x00000000c00026bc                get_kernel_pages
                0x00000000c000291f                mem_init
 .text          0x00000000c0002977      0x296 build/bitmap.o
                0x00000000c0002977                bitmap_init
                0x00000000c00029ae                bitmap_scan_test
                0x00000000c00029fb                bitmap_scan
                0x00000000c0002b41                bitmap_set
 .text          0x00000000c0002c0d      0x4d2 build/string.o
                0x00000000c0002c0d                memset
                0x00000000c0002c7a                memcpy
                0x00000000c0002cf5                memcmp
                0x00000000c0002d92                strcpy
                0x00000000c0002e01                strlen
                0x00000000c0002e62                strcmp
                0x00000000c0002ef5                strchr
                0x00000000c0002f67                strrchr
                0x00000000c0002fdf                strcat
                0x00000000c0003063                strchrs
 .text          0x00000000c00030df      0x4c8 build/thread.o
                0x00000000c00030df                running_thread
                0x00000000c0003132                thread_create
                0x00000000c00031ba                init_thread
                0x00000000c0003261                thread_start
                0x00000000c00033fe                schedule
                0x00000000c000353e                thread_init
 .text.__x86.get_pc_thunk.dx
                0x00000000c00035a7        0x4 build/thread.o
                0x00000000c00035a7                __x86.get_pc_thunk.dx
 .text          0x00000000c00035ab      0x287 build/list.o
                0x00000000c00035ab                list_init
                0x00000000c00035e7                list_insert_before
                0x00000000c000363f                list_push
                0x00000000c000366b                list_append
                0x00000000c0003697                list_remove
                0x00000000c00036e4                list_pop
                0x00000000c0003714                elem_find
                0x00000000c000375d                list_traversal
                0x00000000c00037c8                list_len
                0x00000000c000380b                list_empty
 *fill*         0x00000000c0003832        0xe 
 .text          0x00000000c0003840       0x15 build/switch.o
                0x00000000c0003840                switch_to
 *(.gnu.warning)

.fini
 *(SORT_NONE(.fini))
                [!provide]                        PROVIDE (__etext = .)
                [!provide]                        PROVIDE (_etext = .)
                [!provide]                        PROVIDE (etext = .)
                0x00000000c0004000                . = ALIGN (CONSTANT (MAXPAGESIZE))
                0x00000000c0004000                . = SEGMENT_START ("rodata-segment", (ALIGN (CONSTANT (MAXPAGESIZE)) + (. & (CONSTANT (MAXPAGESIZE) - 0x1))))

.rodata         0x00000000c0004000      0x795
 *(.rodata .rodata.* .gnu.linkonce.r.*)
 .rodata        0x00000000c0004000       0x29 build/main.o
 .rodata        0x00000000c0004029        0xa build/init.o
 *fill*         0x00000000c0004033        0x1 
 .rodata        0x00000000c0004034      0x2cd build/interrupt.o
 *fill*         0x00000000c0004301        0x3 
 .rodata        0x00000000c0004304       0x6b build/timer.o
 .rodata        0x00000000c000436f       0x3f build/debug.o
 *fill*         0x00000000c00043ae        0x2 
 .rodata        0x00000000c00043b0      0x130 build/memory.o
 .rodata        0x00000000c00044e0       0x6b build/bitmap.o
 *fill*         0x00000000c000454b        0x1 
 .rodata        0x00000000c000454c       0xc4 build/string.o
 .rodata        0x00000000c0004610      0x185 build/thread.o

.rodata1
 *(.rodata1)

.eh_frame_hdr
 *(.eh_frame_hdr)
 *(.eh_frame_entry .eh_frame_entry.*)

.eh_frame       0x00000000c0004798      0x8b4
 *(.eh_frame)
 .eh_frame      0x00000000c0004798       0x8c build/main.o
 .eh_frame      0x00000000c0004824       0x24 build/init.o
                                         0x50 (size before relaxing)
 .eh_frame      0x00000000c0004848      0x1ac build/interrupt.o
                                        0x1d8 (size before relaxing)
 .eh_frame      0x00000000c00049f4       0x94 build/timer.o
                                         0xd4 (size before relaxing)
 .eh_frame      0x00000000c0004a88       0x1c build/debug.o
                                         0x48 (size before relaxing)
 .eh_frame      0x00000000c0004aa4      0x13c build/memory.o
                                        0x17c (size before relaxing)
 .eh_frame      0x00000000c0004be0       0x90 build/bitmap.o
                                         0xbc (size before relaxing)
 .eh_frame      0x00000000c0004c70      0x168 build/string.o
                                        0x194 (size before relaxing)
 .eh_frame      0x00000000c0004dd8      0x12c build/thread.o
                                        0x16c (size before relaxing)
 .eh_frame      0x00000000c0004f04      0x148 build/list.o
                                        0x188 (size before relaxing)
 *(.eh_frame.*)

.gcc_except_table
 *(.gcc_except_table .gcc_except_table.*)

.gnu_extab
 *(.gnu_extab*)

.exception_ranges
 *(.exception_ranges*)
                0x00000000c0007000                . = DATA_SEGMENT_ALIGN (CONSTANT (MAXPAGESIZE), CONSTANT (COMMONPAGESIZE))

.eh_frame
 *(.eh_frame)
 *(.eh_frame.*)

.gnu_extab
 *(.gnu_extab)

.gcc_except_table
 *(.gcc_except_table .gcc_except_table.*)

.exception_ranges
 *(.exception_ranges*)

.tdata          0x00000000c0007000        0x0
                [!provide]                        PROVIDE (__tdata_start = .)
 *(.tdata .tdata.* .gnu.linkonce.td.*)

.tbss
 *(.tbss .tbss.* .gnu.linkonce.tb.*)
 *(.tcommon)

.preinit_array  0x00000000c0007000        0x0
                [!provide]                        PROVIDE (__preinit_array_start = .)
 *(.preinit_array)
                [!provide]                        PROVIDE (__preinit_array_end = .)

.init_array     0x00000000c0007000        0x0
                [!provide]                        PROVIDE (__init_array_start = .)
 *(SORT_BY_INIT_PRIORITY(.init_array.*) SORT_BY_INIT_PRIORITY(.ctors.*))
 *(.init_array EXCLUDE_FILE(*crtend?.o *crtend.o *crtbegin?.o *crtbegin.o) .ctors)
                [!provide]                        PROVIDE (__init_array_end = .)

.fini_array     0x00000000c0007000        0x0
                [!provide]                        PROVIDE (__fini_array_start = .)
 *(SORT_BY_INIT_PRIORITY(.fini_array.*) SORT_BY_INIT_PRIORITY(.dtors.*))
 *(.fini_array EXCLUDE_FILE(*crtend?.o *crtend.o *crtbegin?.o *crtbegin.o) .dtors)
                [!provide]                        PROVIDE (__fini_array_end = .)

.ctors
 *crtbegin.o(.ctors)
 *crtbegin?.o(.ctors)
 *(EXCLUDE_FILE(*crtend?.o *crtend.o) .ctors)
 *(SORT_BY_NAME(.ctors.*))
 *(.ctors)

.dtors
 *crtbegin.o(.dtors)
 *crtbegin?.o(.dtors)
 *(EXCLUDE_FILE(*crtend?.o *crtend.o) .dtors)
 *(SORT_BY_NAME(.dtors.*))
 *(.dtors)

.jcr
 *(.jcr)

.data.rel.ro
 *(.data.rel.ro.local* .gnu.linkonce.d.rel.ro.local.*)
 *(.data.rel.ro .data.rel.ro.* .gnu.linkonce.d.rel.ro.*)

.dynamic
 *(.dynamic)

.got            0x00000000c0007000        0x0
 *(.got)
 .got           0x00000000c0007000        0x0 build/main.o
 *(.igot)
                0x00000000c0007ff4                . = DATA_SEGMENT_RELRO_END (., (SIZEOF (.got.plt) >= 0xc)?0xc:0x0)

.got.plt        0x00000000c0007000        0xc
 *(.got.plt)
 .got.plt       0x00000000c0007000        0xc build/main.o
                0x00000000c0007000                _GLOBAL_OFFSET_TABLE_
 *(.igot.plt)
 .igot.plt      0x00000000c000700c        0x0 build/main.o

.data           0x00000000c000700c       0x8c
 *(.data .data.* .gnu.linkonce.d.*)
 .data          0x00000000c000700c        0x0 build/main.o
 .data          0x00000000c000700c        0x0 build/init.o
 .data          0x00000000c000700c        0x0 build/interrupt.o
 .data          0x00000000c000700c        0x0 build/timer.o
 .data          0x00000000c000700c       0x84 build/kernel.o
                0x00000000c000700c                intr_entry_table
 .data          0x00000000c0007090        0x8 build/print.o
 .data          0x00000000c0007098        0x0 build/debug.o
 .data          0x00000000c0007098        0x0 build/memory.o
 .data          0x00000000c0007098        0x0 build/bitmap.o
 .data          0x00000000c0007098        0x0 build/string.o
 .data          0x00000000c0007098        0x0 build/thread.o
 .data          0x00000000c0007098        0x0 build/list.o

.data1
 *(.data1)
                0x00000000c0007098                _edata = .
                [!provide]                        PROVIDE (edata = .)
                0x00000000c0007098                . = .
                0x00000000c0007098                __bss_start = .

.bss            0x00000000c00070a0      0x2a0
 *(.dynbss)
 *(.bss .bss.* .gnu.linkonce.b.*)
 .bss           0x00000000c00070a0        0x0 build/main.o
 .bss           0x00000000c00070a0        0x0 build/init.o
 .bss           0x00000000c00070a0      0x248 build/interrupt.o
                0x00000000c00070a0                intr_name
                0x00000000c0007140                idt_table
 .bss           0x00000000c00072e8        0x4 build/timer.o
                0x00000000c00072e8                ticks
 .bss           0x00000000c00072ec        0x0 build/debug.o
 .bss           0x00000000c00072ec       0x2c build/memory.o
                0x00000000c00072ec                kernel_pool
                0x00000000c00072fc                user_pool
                0x00000000c000730c                kernel_vaddr
 .bss           0x00000000c0007318        0x0 build/bitmap.o
 .bss           0x00000000c0007318        0x0 build/string.o
 .bss           0x00000000c0007318       0x28 build/thread.o
                0x00000000c0007318                main_thread
                0x00000000c000731c                thread_ready_list
                0x00000000c000732c                thread_all_list
 .bss           0x00000000c0007340        0x0 build/list.o
 *(COMMON)
                0x00000000c0007340                . = ALIGN ((. != 0x0)?0x4:0x1)
                0x00000000c0007340                . = ALIGN (0x4)
                0x00000000c0007340                . = SEGMENT_START ("ldata-segment", .)
                0x00000000c0007340                . = ALIGN (0x4)
                0x00000000c0007340                _end = .
                [!provide]                        PROVIDE (end = .)
                0x00000000c0007340                . = DATA_SEGMENT_END (.)

.stab
 *(.stab)

.stabstr
 *(.stabstr)

.stab.excl
 *(.stab.excl)

.stab.exclstr
 *(.stab.exclstr)

.stab.index
 *(.stab.index)

.stab.indexstr
 *(.stab.indexstr)

.comment        0x0000000000000000       0x25
 *(.comment)
 .comment       0x0000000000000000       0x25 build/main.o
                                         0x26 (size before relaxing)
 .comment       0x0000000000000025       0x26 build/init.o
 .comment       0x0000000000000025       0x26 build/interrupt.o
 .comment       0x0000000000000025       0x26 build/timer.o
 .comment       0x0000000000000025       0x26 build/debug.o
 .comment       0x0000000000000025       0x26 build/memory.o
 .comment       0x0000000000000025       0x26 build/bitmap.o
 .comment       0x0000000000000025       0x26 build/string.o
 .comment       0x0000000000000025       0x26 build/thread.o
 .comment       0x0000000000000025       0x26 build/list.o

.gnu.build.attributes
 *(.gnu.build.attributes .gnu.build.attributes.*)

.debug
 *(.debug)

.line
 *(.line)

.debug_srcinfo
 *(.debug_srcinfo)

.debug_sfnames
 *(.debug_sfnames)

.debug_aranges
 *(.debug_aranges)

.debug_pubnames
 *(.debug_pubnames)

.debug_info
 *(.debug_info .gnu.linkonce.wi.*)

.debug_abbrev
 *(.debug_abbrev)

.debug_line
 *(.debug_line .debug_line.* .debug_line_end)

.debug_frame
 *(.debug_frame)

.debug_str
 *(.debug_str)

.debug_loc
 *(.debug_loc)

.debug_macinfo
 *(.debug_macinfo)

.debug_weaknames
 *(.debug_weaknames)

.debug_funcnames
 *(.debug_funcnames)

.debug_typenames
 *(.debug_typenames)

.debug_varnames
 *(.debug_varnames)

.debug_pubtypes
 *(.debug_pubtypes)

.debug_ranges
 *(.debug_ranges)

.debug_addr
 *(.debug_addr)

.debug_line_str
 *(.debug_line_str)

.debug_loclists
 *(.debug_loclists)

.debug_macro
 *(.debug_macro)

.debug_names
 *(.debug_names)

.debug_rnglists
 *(.debug_rnglists)

.debug_str_offsets
 *(.debug_str_offsets)

.debug_sup
 *(.debug_sup)

.gnu.attributes
 *(.gnu.attributes)

/DISCARD/
 *(.note.GNU-stack)
 *(.gnu_debuglink)
 *(.gnu.lto_*)
OUTPUT(build/kernel.bin elf32-i386)
