
Allocating common symbols
Common symbol       size              file

thread_ready_list   0x10              build/thread.o
thread_all_list     0x10              build/thread.o
user_pool           0x2c              build/memory.o
k_block_descs       0xa8              build/memory.o
intr_name           0x204             build/interrupt.o
main_thread         0x4               build/thread.o
ticks               0x4               build/timer.o
kernel_vaddr        0xc               build/memory.o
syscall_table       0x80              build/syscall_init.o
idt_table           0x204             build/interrupt.o
kernel_pool         0x2c              build/memory.o
pid_lock            0x1c              build/thread.o

Discarded input sections

 .note.GNU-stack
                0x0000000000000000        0x0 build/main.o
 .note.GNU-stack
                0x0000000000000000        0x0 build/init.o
 .note.GNU-stack
                0x0000000000000000        0x0 build/interrupt.o
 .note.GNU-stack
                0x0000000000000000        0x0 build/timer.o
 .note.GNU-stack
                0x0000000000000000        0x0 build/debug.o
 .note.GNU-stack
                0x0000000000000000        0x0 build/memory.o
 .note.GNU-stack
                0x0000000000000000        0x0 build/bitmap.o
 .note.GNU-stack
                0x0000000000000000        0x0 build/string.o
 .note.GNU-stack
                0x0000000000000000        0x0 build/thread.o
 .note.GNU-stack
                0x0000000000000000        0x0 build/list.o
 .note.GNU-stack
                0x0000000000000000        0x0 build/sync.o
 .note.GNU-stack
                0x0000000000000000        0x0 build/console.o
 .note.GNU-stack
                0x0000000000000000        0x0 build/keyboard.o
 .note.GNU-stack
                0x0000000000000000        0x0 build/tss.o
 .note.GNU-stack
                0x0000000000000000        0x0 build/process.o
 .note.GNU-stack
                0x0000000000000000        0x0 build/syscall_init.o
 .note.GNU-stack
                0x0000000000000000        0x0 build/syscall.o
 .note.GNU-stack
                0x0000000000000000        0x0 build/stdio.o

Memory Configuration

Name             Origin             Length             Attributes
*default*        0x0000000000000000 0xffffffffffffffff

Linker script and memory map

Address of section .text set to 0xc0001500
LOAD build/main.o
LOAD build/init.o
LOAD build/interrupt.o
LOAD build/timer.o
LOAD build/kernel.o
LOAD build/print.o
LOAD build/debug.o
LOAD build/memory.o
LOAD build/bitmap.o
LOAD build/string.o
LOAD build/thread.o
LOAD build/switch.o
LOAD build/list.o
LOAD build/sync.o
LOAD build/console.o
LOAD build/keyboard.o
LOAD build/tss.o
LOAD build/process.o
LOAD build/syscall_init.o
LOAD build/syscall.o
LOAD build/stdio.o
                [!provide]                        PROVIDE (__executable_start = SEGMENT_START ("text-segment", 0x8048000))
                0x00000000080480d4                . = (SEGMENT_START ("text-segment", 0x8048000) + SIZEOF_HEADERS)

.interp
 *(.interp)

.note.gnu.build-id
 *(.note.gnu.build-id)

.hash
 *(.hash)

.gnu.hash
 *(.gnu.hash)

.dynsym
 *(.dynsym)

.dynstr
 *(.dynstr)

.gnu.version
 *(.gnu.version)

.gnu.version_d
 *(.gnu.version_d)

.gnu.version_r
 *(.gnu.version_r)

.rel.dyn        0x00000000080480d4        0x0
 *(.rel.init)
 *(.rel.text .rel.text.* .rel.gnu.linkonce.t.*)
 .rel.text      0x00000000080480d4        0x0 build/main.o
 *(.rel.fini)
 *(.rel.rodata .rel.rodata.* .rel.gnu.linkonce.r.*)
 *(.rel.data.rel.ro .rel.data.rel.ro.* .rel.gnu.linkonce.d.rel.ro.*)
 *(.rel.data .rel.data.* .rel.gnu.linkonce.d.*)
 *(.rel.tdata .rel.tdata.* .rel.gnu.linkonce.td.*)
 *(.rel.tbss .rel.tbss.* .rel.gnu.linkonce.tb.*)
 *(.rel.ctors)
 *(.rel.dtors)
 *(.rel.got)
 .rel.got       0x00000000080480d4        0x0 build/main.o
 *(.rel.bss .rel.bss.* .rel.gnu.linkonce.b.*)
 *(.rel.ifunc)

.rel.plt        0x00000000080480d4        0x0
 *(.rel.plt)
                [!provide]                        PROVIDE (__rel_iplt_start = .)
 *(.rel.iplt)
 .rel.iplt      0x00000000080480d4        0x0 build/main.o
                [!provide]                        PROVIDE (__rel_iplt_end = .)
                0x0000000008049000                . = ALIGN (CONSTANT (MAXPAGESIZE))

.init
 *(SORT_NONE(.init))

.plt            0x0000000008049000        0x0
 *(.plt)
 *(.iplt)
 .iplt          0x0000000008049000        0x0 build/main.o

.plt.got
 *(.plt.got)

.plt.sec
 *(.plt.sec)

.text           0x00000000c0001500     0x3fd0
 *(.text.unlikely .text.*_unlikely .text.unlikely.*)
 *(.text.exit .text.exit.*)
 *(.text.startup .text.startup.*)
 *(.text.hot .text.hot.*)
 *(SORT_BY_NAME(.text.sorted.*))
 *(.text .stub .text.* .gnu.linkonce.t.*)
 .text          0x00000000c0001500      0x33d build/main.o
                0x00000000c0001500                main
                0x00000000c0001591                k_thread_a
                0x00000000c000165a                k_thread_b
                0x00000000c0001723                u_prog_a
                0x00000000c00017b0                u_prog_b
 .text          0x00000000c000183d       0x48 build/init.o
                0x00000000c000183d                init_all
 .text          0x00000000c0001885      0x47e build/interrupt.o
                0x00000000c0001bf6                intr_enable
                0x00000000c0001c1f                intr_disable
                0x00000000c0001c48                intr_set_status
                0x00000000c0001c66                intr_get_status
                0x00000000c0001c89                register_handler
                0x00000000c0001ca5                idt_init
 .text          0x00000000c0001d03      0x198 build/timer.o
                0x00000000c0001e3b                timer_init
 *fill*         0x00000000c0001e9b        0x5 
 .text          0x00000000c0001ea0      0x55b build/kernel.o
                0x00000000c0001ea0                intr_exit
                0x00000000c00023d7                syscall_handler
 *fill*         0x00000000c00023fb        0x5 
 .text          0x00000000c0002400      0x172 build/print.o
                0x00000000c0002400                put_str
                0x00000000c000241e                put_char
                0x00000000c00024eb                put_int
                0x00000000c000254e                set_cursor
 .text          0x00000000c0002572       0xa5 build/debug.o
                0x00000000c0002572                panic_spin
 .text          0x00000000c0002617     0x10f2 build/memory.o
                0x00000000c0002617                block_desc_init
                0x00000000c00027ba                pte_ptr
                0x00000000c00027eb                pde_ptr
                0x00000000c000298c                malloc_page
                0x00000000c0002a56                get_kernel_pages
                0x00000000c0002ab2                get_user_pages
                0x00000000c0002b0e                get_a_page
                0x00000000c0002c8a                addr_v2p
                0x00000000c0002ea4                sys_malloc
                0x00000000c00031b4                pfree
                0x00000000c00032fc                mfree_page
                0x00000000c00034d1                sys_free
                0x00000000c00036c8                mem_init
 .text          0x00000000c0003709      0x270 build/bitmap.o
                0x00000000c0003709                bitmap_init
                0x00000000c0003730                bitmap_scan_test
                0x00000000c0003772                bitmap_scan
                0x00000000c00038c0                bitmap_set
 .text          0x00000000c0003979      0x454 build/string.o
                0x00000000c0003979                memset
                0x00000000c00039d5                memcpy
                0x00000000c0003a3d                memcmp
                0x00000000c0003ad3                strcpy
                0x00000000c0003b36                strlen
                0x00000000c0003b90                strcmp
                0x00000000c0003c17                strchr
                0x00000000c0003c7d                strrchr
                0x00000000c0003ce6                strcat
                0x00000000c0003d60                strchrs
 .text          0x00000000c0003dcd      0x5eb build/thread.o
                0x00000000c0003dcd                running_thread
                0x00000000c0003e2f                thread_create
                0x00000000c0003ea5                init_thread
                0x00000000c0003f4f                thread_start
                0x00000000c00040ca                schedule
                0x00000000c00041fd                thread_block
                0x00000000c0004264                thread_unblock
                0x00000000c000436f                thread_init
 *fill*         0x00000000c00043b8        0x8 
 .text          0x00000000c00043c0       0x15 build/switch.o
                0x00000000c00043c0                switch_to
 .text          0x00000000c00043d5      0x1e4 build/list.o
                0x00000000c00043d5                list_init
                0x00000000c0004402                list_insert_before
                0x00000000c0004443                list_push
                0x00000000c0004460                list_append
                0x00000000c000447d                list_remove
                0x00000000c00044b3                list_pop
                0x00000000c00044d2                elem_find
                0x00000000c000450d                list_traversal
                0x00000000c000456b                list_len
                0x00000000c00045a0                list_empty
 .text          0x00000000c00045b9      0x347 build/sync.o
                0x00000000c00045b9                sema_init
                0x00000000c00045de                lock_init
                0x00000000c000460f                sema_down
                0x00000000c0004723                sema_up
                0x00000000c00047d9                lock_acquire
                0x00000000c0004855                lock_release
 .text          0x00000000c0004900       0x9a build/console.o
                0x00000000c0004900                console_init
                0x00000000c0004914                console_acquire
                0x00000000c0004928                console_release
                0x00000000c000493c                console_put_str
                0x00000000c0004959                console_put_char
                0x00000000c000497d                console_put_int
 .text          0x00000000c000499a      0x29f build/keyboard.o
                0x00000000c0004c05                keyboard_init
 .text          0x00000000c0004c39      0x1a9 build/tss.o
                0x00000000c0004c39                update_tss_esp
                0x00000000c0004cb4                tss_init
 .text          0x00000000c0004de2      0x367 build/process.o
                0x00000000c0004de2                start_process
                0x00000000c0004ee8                page_dir_activate
                0x00000000c0004f18                process_activate
                0x00000000c0004f6a                create_page_dir
                0x00000000c0004fdb                create_user_vaddr_bitmap
                0x00000000c000501f                process_execute
 .text          0x00000000c0005149       0x78 build/syscall_init.o
                0x00000000c0005149                sys_getpid
                0x00000000c000515b                sys_write
                0x00000000c0005179                syscall_init
 .text          0x00000000c00051c1       0x6f build/syscall.o
                0x00000000c00051c1                getpid
                0x00000000c00051d6                write
                0x00000000c00051f5                malloc
                0x00000000c0005214                free
 .text          0x00000000c0005230      0x2a0 build/stdio.o
                0x00000000c00052b6                vsprintf
                0x00000000c000543a                sprintf
                0x00000000c000546e                printf
 *(.gnu.warning)

.fini
 *(SORT_NONE(.fini))
                [!provide]                        PROVIDE (__etext = .)
                [!provide]                        PROVIDE (_etext = .)
                [!provide]                        PROVIDE (etext = .)
                0x00000000c0006000                . = ALIGN (CONSTANT (MAXPAGESIZE))
                0x00000000c0006000                . = SEGMENT_START ("rodata-segment", (ALIGN (CONSTANT (MAXPAGESIZE)) + (. & (CONSTANT (MAXPAGESIZE) - 0x1))))

.rodata         0x00000000c0006000      0xe70
 *(.rodata .rodata.* .gnu.linkonce.r.*)
 .rodata        0x00000000c0006000       0xcf build/main.o
 .rodata        0x00000000c00060cf       0x1e build/init.o
 *fill*         0x00000000c00060ed        0x3 
 .rodata        0x00000000c00060f0      0x2cd build/interrupt.o
 *fill*         0x00000000c00063bd        0x3 
 .rodata        0x00000000c00063c0       0x6b build/timer.o
 .rodata        0x00000000c000642b       0x3f build/debug.o
 *fill*         0x00000000c000646a        0x2 
 .rodata        0x00000000c000646c      0x38f build/memory.o
 *fill*         0x00000000c00067fb        0x1 
 .rodata        0x00000000c00067fc       0x68 build/bitmap.o
 .rodata        0x00000000c0006864       0xb9 build/string.o
 *fill*         0x00000000c000691d        0x3 
 .rodata        0x00000000c0006920      0x2be build/thread.o
 *fill*         0x00000000c0006bde        0x2 
 .rodata        0x00000000c0006be0      0x12f build/sync.o
 .rodata        0x00000000c0006d0f       0x36 build/keyboard.o
 .rodata        0x00000000c0006d45       0x27 build/tss.o
 .rodata        0x00000000c0006d6c       0xdd build/process.o
 .rodata        0x00000000c0006e49       0x27 build/syscall_init.o

.rodata1
 *(.rodata1)

.eh_frame_hdr
 *(.eh_frame_hdr)
 *(.eh_frame_entry .eh_frame_entry.*)

.eh_frame
 *(.eh_frame)
 *(.eh_frame.*)

.gcc_except_table
 *(.gcc_except_table .gcc_except_table.*)

.gnu_extab
 *(.gnu_extab*)

.exception_ranges
 *(.exception_ranges*)
                0x00000000c0007000                . = DATA_SEGMENT_ALIGN (CONSTANT (MAXPAGESIZE), CONSTANT (COMMONPAGESIZE))

.eh_frame
 *(.eh_frame)
 *(.eh_frame.*)

.gnu_extab
 *(.gnu_extab)

.gcc_except_table
 *(.gcc_except_table .gcc_except_table.*)

.exception_ranges
 *(.exception_ranges*)

.tdata          0x00000000c0007000        0x0
                [!provide]                        PROVIDE (__tdata_start = .)
 *(.tdata .tdata.* .gnu.linkonce.td.*)

.tbss
 *(.tbss .tbss.* .gnu.linkonce.tb.*)
 *(.tcommon)

.preinit_array  0x00000000c0007000        0x0
                [!provide]                        PROVIDE (__preinit_array_start = .)
 *(.preinit_array)
                [!provide]                        PROVIDE (__preinit_array_end = .)

.init_array     0x00000000c0007000        0x0
                [!provide]                        PROVIDE (__init_array_start = .)
 *(SORT_BY_INIT_PRIORITY(.init_array.*) SORT_BY_INIT_PRIORITY(.ctors.*))
 *(.init_array EXCLUDE_FILE(*crtend?.o *crtend.o *crtbegin?.o *crtbegin.o) .ctors)
                [!provide]                        PROVIDE (__init_array_end = .)

.fini_array     0x00000000c0007000        0x0
                [!provide]                        PROVIDE (__fini_array_start = .)
 *(SORT_BY_INIT_PRIORITY(.fini_array.*) SORT_BY_INIT_PRIORITY(.dtors.*))
 *(.fini_array EXCLUDE_FILE(*crtend?.o *crtend.o *crtbegin?.o *crtbegin.o) .dtors)
                [!provide]                        PROVIDE (__fini_array_end = .)

.ctors
 *crtbegin.o(.ctors)
 *crtbegin?.o(.ctors)
 *(EXCLUDE_FILE(*crtend?.o *crtend.o) .ctors)
 *(SORT_BY_NAME(.ctors.*))
 *(.ctors)

.dtors
 *crtbegin.o(.dtors)
 *crtbegin?.o(.dtors)
 *(EXCLUDE_FILE(*crtend?.o *crtend.o) .dtors)
 *(SORT_BY_NAME(.dtors.*))
 *(.dtors)

.jcr
 *(.jcr)

.data.rel.ro
 *(.data.rel.ro.local* .gnu.linkonce.d.rel.ro.local.*)
 *(.data.rel.ro .data.rel.ro.* .gnu.linkonce.d.rel.ro.*)

.dynamic
 *(.dynamic)

.got            0x00000000c0007000        0x0
 *(.got)
 .got           0x00000000c0007000        0x0 build/main.o
 *(.igot)
                0x00000000c0007000                . = DATA_SEGMENT_RELRO_END (., (SIZEOF (.got.plt) >= 0xc)?0xc:0x0)

.got.plt        0x00000000c0007000        0x0
 *(.got.plt)
 .got.plt       0x00000000c0007000        0x0 build/main.o
 *(.igot.plt)
 .igot.plt      0x00000000c0007000        0x0 build/main.o

.data           0x00000000c0007000      0x156
 *(.data .data.* .gnu.linkonce.d.*)
 .data          0x00000000c0007000        0x0 build/main.o
 .data          0x00000000c0007000        0x0 build/init.o
 .data          0x00000000c0007000        0x0 build/interrupt.o
 .data          0x00000000c0007000        0x0 build/timer.o
 .data          0x00000000c0007000       0xc0 build/kernel.o
                0x00000000c0007000                intr_entry_table
 .data          0x00000000c00070c0        0x8 build/print.o
 .data          0x00000000c00070c8        0x0 build/debug.o
 .data          0x00000000c00070c8        0x0 build/memory.o
 .data          0x00000000c00070c8        0x0 build/bitmap.o
 .data          0x00000000c00070c8        0x0 build/string.o
 .data          0x00000000c00070c8        0x0 build/thread.o
 .data          0x00000000c00070c8        0x0 build/list.o
 .data          0x00000000c00070c8        0x0 build/sync.o
 .data          0x00000000c00070c8        0x0 build/console.o
 *fill*         0x00000000c00070c8       0x18 
 .data          0x00000000c00070e0       0x76 build/keyboard.o
 .data          0x00000000c0007156        0x0 build/tss.o
 .data          0x00000000c0007156        0x0 build/process.o
 .data          0x00000000c0007156        0x0 build/syscall_init.o
 .data          0x00000000c0007156        0x0 build/syscall.o
 .data          0x00000000c0007156        0x0 build/stdio.o

.data1
 *(.data1)
                0x00000000c0007156                _edata = .
                [!provide]                        PROVIDE (edata = .)
                0x00000000c0007156                . = .
                0x00000000c0007156                __bss_start = .

.bss            0x00000000c0007160      0xb00
 *(.dynbss)
 *(.bss .bss.* .gnu.linkonce.b.*)
 .bss           0x00000000c0007160        0x0 build/main.o
 .bss           0x00000000c0007160        0x0 build/init.o
 .bss           0x00000000c0007160      0x408 build/interrupt.o
 .bss           0x00000000c0007568        0x0 build/timer.o
 .bss           0x00000000c0007568        0x0 build/debug.o
 .bss           0x00000000c0007568        0x0 build/memory.o
 .bss           0x00000000c0007568        0x0 build/bitmap.o
 .bss           0x00000000c0007568        0x0 build/string.o
 .bss           0x00000000c0007568        0x6 build/thread.o
 .bss           0x00000000c000756e        0x0 build/list.o
 .bss           0x00000000c000756e        0x0 build/sync.o
 *fill*         0x00000000c000756e        0x2 
 .bss           0x00000000c0007570       0x1c build/console.o
 .bss           0x00000000c000758c       0x14 build/keyboard.o
 .bss           0x00000000c00075a0       0x6c build/tss.o
 .bss           0x00000000c000760c        0x0 build/process.o
 .bss           0x00000000c000760c        0x0 build/syscall_init.o
 .bss           0x00000000c000760c        0x0 build/syscall.o
 .bss           0x00000000c000760c        0x0 build/stdio.o
 *(COMMON)
 *fill*         0x00000000c000760c       0x14 
 COMMON         0x00000000c0007620      0x424 build/interrupt.o
                0x00000000c0007620                intr_name
                0x00000000c0007840                idt_table
 COMMON         0x00000000c0007a44        0x4 build/timer.o
                0x00000000c0007a44                ticks
 *fill*         0x00000000c0007a48       0x18 
 COMMON         0x00000000c0007a60      0x12c build/memory.o
                0x00000000c0007a60                user_pool
                0x00000000c0007aa0                k_block_descs
                0x00000000c0007b48                kernel_vaddr
                0x00000000c0007b60                kernel_pool
 COMMON         0x00000000c0007b8c       0x40 build/thread.o
                0x00000000c0007b8c                thread_ready_list
                0x00000000c0007b9c                thread_all_list
                0x00000000c0007bac                main_thread
                0x00000000c0007bb0                pid_lock
 *fill*         0x00000000c0007bcc       0x14 
 COMMON         0x00000000c0007be0       0x80 build/syscall_init.o
                0x00000000c0007be0                syscall_table
                0x00000000c0007c60                . = ALIGN ((. != 0x0)?0x4:0x1)
                0x00000000c0007c60                . = ALIGN (0x4)
                0x00000000c0007c60                . = SEGMENT_START ("ldata-segment", .)
                0x00000000c0007c60                . = ALIGN (0x4)
                0x00000000c0007c60                _end = .
                [!provide]                        PROVIDE (end = .)
                0x00000000c0007c60                . = DATA_SEGMENT_END (.)

.stab
 *(.stab)

.stabstr
 *(.stabstr)

.stab.excl
 *(.stab.excl)

.stab.exclstr
 *(.stab.exclstr)

.stab.index
 *(.stab.index)

.stab.indexstr
 *(.stab.indexstr)

.comment        0x0000000000000000       0x2a
 *(.comment)
 .comment       0x0000000000000000       0x2a build/main.o
                                         0x2b (size before relaxing)
 .comment       0x000000000000002a       0x2b build/init.o
 .comment       0x000000000000002a       0x2b build/interrupt.o
 .comment       0x000000000000002a       0x2b build/timer.o
 .comment       0x000000000000002a       0x2b build/debug.o
 .comment       0x000000000000002a       0x2b build/memory.o
 .comment       0x000000000000002a       0x2b build/bitmap.o
 .comment       0x000000000000002a       0x2b build/string.o
 .comment       0x000000000000002a       0x2b build/thread.o
 .comment       0x000000000000002a       0x2b build/list.o
 .comment       0x000000000000002a       0x2b build/sync.o
 .comment       0x000000000000002a       0x2b build/console.o
 .comment       0x000000000000002a       0x2b build/keyboard.o
 .comment       0x000000000000002a       0x2b build/tss.o
 .comment       0x000000000000002a       0x2b build/process.o
 .comment       0x000000000000002a       0x2b build/syscall_init.o
 .comment       0x000000000000002a       0x2b build/syscall.o
 .comment       0x000000000000002a       0x2b build/stdio.o

.gnu.build.attributes
 *(.gnu.build.attributes .gnu.build.attributes.*)

.debug
 *(.debug)

.line
 *(.line)

.debug_srcinfo
 *(.debug_srcinfo)

.debug_sfnames
 *(.debug_sfnames)

.debug_aranges
 *(.debug_aranges)

.debug_pubnames
 *(.debug_pubnames)

.debug_info
 *(.debug_info .gnu.linkonce.wi.*)

.debug_abbrev
 *(.debug_abbrev)

.debug_line
 *(.debug_line .debug_line.* .debug_line_end)

.debug_frame
 *(.debug_frame)

.debug_str
 *(.debug_str)

.debug_loc
 *(.debug_loc)

.debug_macinfo
 *(.debug_macinfo)

.debug_weaknames
 *(.debug_weaknames)

.debug_funcnames
 *(.debug_funcnames)

.debug_typenames
 *(.debug_typenames)

.debug_varnames
 *(.debug_varnames)

.debug_pubtypes
 *(.debug_pubtypes)

.debug_ranges
 *(.debug_ranges)

.debug_addr
 *(.debug_addr)

.debug_line_str
 *(.debug_line_str)

.debug_loclists
 *(.debug_loclists)

.debug_macro
 *(.debug_macro)

.debug_names
 *(.debug_names)

.debug_rnglists
 *(.debug_rnglists)

.debug_str_offsets
 *(.debug_str_offsets)

.debug_sup
 *(.debug_sup)

.gnu.attributes
 *(.gnu.attributes)

/DISCARD/
 *(.note.GNU-stack)
 *(.gnu_debuglink)
 *(.gnu.lto_*)
OUTPUT(build/kernel.bin elf32-i386)
